------------------------------------------------------------
Timing Analyzer Summary
------------------------------------------------------------

Type  : Slow 1200mV 85C Model Setup 'MAX10_CLK1_50'
Slack : -5.666
TNS   : -105.151

Type  : Slow 1200mV 85C Model Setup 'ClockDivider500K:cdiv500k|counter[10]'
Slack : -1.406
TNS   : -8.430

Type  : Slow 1200mV 85C Model Hold 'ClockDivider500K:cdiv500k|counter[10]'
Slack : 0.362
TNS   : 0.000

Type  : Slow 1200mV 85C Model Hold 'MAX10_CLK1_50'
Slack : 0.665
TNS   : 0.000

Type  : Slow 1200mV 85C Model Minimum Pulse Width 'MAX10_CLK1_50'
Slack : -3.000
TNS   : -29.657

Type  : Slow 1200mV 85C Model Minimum Pulse Width 'ClockDivider500K:cdiv500k|counter[10]'
Slack : -1.403
TNS   : -12.627

Type  : Slow 1200mV 0C Model Setup 'MAX10_CLK1_50'
Slack : -5.128
TNS   : -95.259

Type  : Slow 1200mV 0C Model Setup 'ClockDivider500K:cdiv500k|counter[10]'
Slack : -1.188
TNS   : -6.875

Type  : Slow 1200mV 0C Model Hold 'ClockDivider500K:cdiv500k|counter[10]'
Slack : 0.328
TNS   : 0.000

Type  : Slow 1200mV 0C Model Hold 'MAX10_CLK1_50'
Slack : 0.617
TNS   : 0.000

Type  : Slow 1200mV 0C Model Minimum Pulse Width 'MAX10_CLK1_50'
Slack : -3.000
TNS   : -29.657

Type  : Slow 1200mV 0C Model Minimum Pulse Width 'ClockDivider500K:cdiv500k|counter[10]'
Slack : -1.403
TNS   : -12.627

Type  : Fast 1200mV 0C Model Setup 'MAX10_CLK1_50'
Slack : -1.935
TNS   : -35.059

Type  : Fast 1200mV 0C Model Setup 'ClockDivider500K:cdiv500k|counter[10]'
Slack : 0.061
TNS   : 0.000

Type  : Fast 1200mV 0C Model Hold 'MAX10_CLK1_50'
Slack : 0.040
TNS   : 0.000

Type  : Fast 1200mV 0C Model Hold 'ClockDivider500K:cdiv500k|counter[10]'
Slack : 0.156
TNS   : 0.000

Type  : Fast 1200mV 0C Model Minimum Pulse Width 'MAX10_CLK1_50'
Slack : -3.000
TNS   : -23.230

Type  : Fast 1200mV 0C Model Minimum Pulse Width 'ClockDivider500K:cdiv500k|counter[10]'
Slack : -1.000
TNS   : -9.000

------------------------------------------------------------
